// Jest Snapshot v1, https://goo.gl/fbAQLP

exports[`should render the login page correctly 1`] = `
<div
  className="box-layout"
>
  <div
    className="box-layout__box"
  >
    <h1
      className="box-layout__title"
    >
      RPGBattle
    </h1>
    <p>
      It's time to Battle
    </p>
    <button
      className="button"
      onClick={[MockFunction]}
    >
      Login with Google
    </button>
  </div>
</div>
`;
