// Jest Snapshot v1, https://goo.gl/fbAQLP

exports[`Should render the NotFoundPage 1`] = `
<div>
  404 - 
  <NavLink
    exact={true}
    to="/"
  >
    Go Home
  </NavLink>
</div>
`;
