// Jest Snapshot v1, https://goo.gl/fbAQLP

exports[`should render TeamBuilder 1`] = `
<div>
  <Connect(UnitList) />
</div>
`;
