// Jest Snapshot v1, https://goo.gl/fbAQLP

exports[`should render unit list item 1`] = `
<div>
  <span />
  <span />
</div>
`;
